# Toy CPU – compiled listing
#
# ADDR  BYTES                   SOURCE
# ────────────────────────────────────────────────────────
#                                # fibonacci.toy
#                                # Computes the n-th Fibonacci number
#                                # Result ends up in the accumulator
#                                #
#                                # Algorithm:
#                                #   a, b = 0, 1
#                                #   for i in range(n):
#                                #       b = a + b
#                                #       a = b - a   (= old b, no temp needed)
#                                #
#                                # Set before running:
#                                #   n   = desired position (e.g. 10 -> fib(10) = 55)
#                                #   b   = 1
#                                #   one = 1
#                                
     0   00010100  00011011              load  n         # acc = n (loop counter)
     2   00011001  00011000      loop:   ifzero end      # n == 0 -> done
#                                
     4   00010100  00011100              load  a         # acc = a
     6   00010110  00011101              add   b         # acc = a + b
     8   00010101  00011101              store b         # b = a + b  (new b)
#                                
    10   00010100  00011101              load  b         # acc = new b
    12   00010111  00011100              sub   a         # acc = (a+b) - a = old b
    14   00010101  00011100              store a         # a = old b
#                                
    16   00010100  00011011              load  n         # acc = n
    18   00010111  00011110              sub   one       # acc = n - 1
    20   00010101  00011011              store n         # n--
#                                
    22   00011000  00000010              goto  loop
#                                
    24   00010100  00011100      end:    load  a         # result: fib(n) in accumulator
    26   00000000                        stop
#                                
#                                # data
    27   00000111                n:      7               # <- change here (max 13, fib(14)=377 > 255)
    28   00000000                a:      0
    29   00000001                b:      1
    30   00000001                one:    1

# SYMBOLS
#   loop            =   2  (00000010)
#   end             =  24  (00011000)
#   n               =  27  (00011011)
#   a               =  28  (00011100)
#   b               =  29  (00011101)
#   one             =  30  (00011110)
